»./namespace-prefixes.ly« wird verarbeitet
Kompilation erfolgreich beendet
»./tempo-mm-without-mm-count.ly« wird verarbeitet
Kompilation erfolgreich beendet
